[mdbootstrap.com/previews/templates/portfolio/html/web-developer1e36.html]
[backblue.gif]
[fade.gif]
[index.html]
[use.fontawesome.com/releases/v5.7.0/css/all.css]
[mdbootstrap.com/previews/templates/portfolio/css/bootstrap.min.css]
[mdbootstrap.com/previews/templates/portfolio/css/mdb.min.css]
[mdbootstrap.com/img/Photos/Others/forest1.jpg]
[mdbootstrap.com/img/Photos/Horizontal/Work/12-col/img (11).jpg]
[mdbootstrap.com/img/Mockups/Lightbox/Thumbnail/img (63).jpg]
[mdbootstrap.com/img/Mockups/Lightbox/Original/img (66).jpg]
[mdbootstrap.com/img/Mockups/Lightbox/Thumbnail/img (66).jpg]
[mdbootstrap.com/img/Mockups/Lightbox/Original/img (65).jpg]
[mdbootstrap.com/img/Mockups/Lightbox/Thumbnail/img (65).jpg]
[mdbootstrap.com/img/Mockups/Lightbox/Original/img (67).jpg]
[mdbootstrap.com/img/Mockups/Lightbox/Thumbnail/img (67).jpg]
[mdbootstrap.com/img/Mockups/Lightbox/Original/img (68).jpg]
[mdbootstrap.com/img/Mockups/Lightbox/Thumbnail/img (68).jpg]
[mdbootstrap.com/img/Mockups/Lightbox/Original/img (64).jpg]
[mdbootstrap.com/img/Mockups/Lightbox/Thumbnail/img (64).jpg]
[mdbootstrap.com/img/Mockups/Lightbox/Original/img (69).jpg]
[mdbootstrap.com/img/Mockups/Lightbox/Thumbnail/img (69).jpg]
[mdbootstrap.com/img/Mockups/Lightbox/Original/img (59).jpg]
[mdbootstrap.com/img/Mockups/Lightbox/Thumbnail/img (59).jpg]
[mdbootstrap.com/img/Mockups/Lightbox/Original/img (70).jpg]
[mdbootstrap.com/img/Mockups/Lightbox/Thumbnail/img (70).jpg]
[mdbootstrap.com/previews/templates/portfolio/js/jquery-3.3.1.min.js]
[mdbootstrap.com/previews/templates/portfolio/js/popper.min.js]
[mdbootstrap.com/previews/templates/portfolio/js/bootstrap.min.js]
[mdbootstrap.com/previews/templates/portfolio/html/web-developer1e36.html]
[use.fontawesome.com/releases/v5.7.0/css/all.css]
[mdbootstrap.com/previews/templates/portfolio/css/bootstrap.min.css]
[mdbootstrap.com/previews/templates/portfolio/js/mdb.min.js]
[mdbootstrap.com/previews/templates/portfolio/img/overlays/01.png]
[mdbootstrap.com/previews/templates/portfolio/img/overlays/02.png]
[mdbootstrap.com/previews/templates/portfolio/img/overlays/03.png]
[mdbootstrap.com/previews/templates/portfolio/img/overlays/04.png]
[mdbootstrap.com/previews/templates/portfolio/img/overlays/05.png]
[mdbootstrap.com/previews/templates/portfolio/img/overlays/06.png]
[mdbootstrap.com/previews/templates/portfolio/img/overlays/07.png]
[mdbootstrap.com/previews/templates/portfolio/img/overlays/08.png]
[mdbootstrap.com/previews/templates/portfolio/img/overlays/09.png]
[mdbootstrap.com/previews/templates/portfolio/img/lightbox/default-skin.png]
[mdbootstrap.com/previews/templates/portfolio/img/lightbox/preloader.gif]
[mdbootstrap.com/previews/templates/portfolio/css/mdb.min.css]
[mdbootstrap.com/previews/templates/portfolio/css/style.css]
